/backup/rgeary1/linux/2019/09-08/cs120lab/lab02/Average.c
/backup/rgeary1/linux/2019/09-08/cs120lab/lab02/Maximum.c
/backup/rgeary1/linux/2019/09-08/cs120lab/lab02/Minimum.c
/backup/rgeary1/linux/2019/09-08/cs120lab/lab02/Total.c
/backup/rgeary1/linux/2019/09-08/cs120lab/Hello.c
/backup/rgeary1/linux/2019/09-08/cs120lab/MultTables.c
/backup/rgeary1/linux/2019/09-08/cs120lab/sum100.c
/backup/rgeary1/linux/2019/09-08/cs120.c
/backup/rgeary1/linux/2019/09-08/Hello.c
/backup/rgeary1/linux/2019/10-06/cs120.c
/backup/rgeary1/linux/2019/10-06/cs120lab/lab02/Average.c
/backup/rgeary1/linux/2019/10-06/cs120lab/lab02/Maximum.c
/backup/rgeary1/linux/2019/10-06/cs120lab/lab02/Minimum.c
/backup/rgeary1/linux/2019/10-06/cs120lab/lab02/Total.c
/backup/rgeary1/linux/2019/10-06/cs120lab/Hello.c
/backup/rgeary1/linux/2019/10-06/cs120lab/MultTables.c
/backup/rgeary1/linux/2019/10-06/cs120lab/sum100.c
/backup/rgeary1/linux/2019/10-06/Hello.c
/backup/rgeary1/linux/2019/10-20/cs120.c
/backup/rgeary1/linux/2019/10-20/cs120lab/lab02/Average.c
/backup/rgeary1/linux/2019/10-20/cs120lab/lab02/Maximum.c
/backup/rgeary1/linux/2019/10-20/cs120lab/lab02/Minimum.c
/backup/rgeary1/linux/2019/10-20/cs120lab/lab02/Total.c
/backup/rgeary1/linux/2019/10-20/cs120lab/Hello.c
/backup/rgeary1/linux/2019/10-20/cs120lab/MultTables.c
/backup/rgeary1/linux/2019/10-20/cs120lab/sum100.c
/backup/rgeary1/linux/2019/10-20/Hello.c
/backup/rgeary1/linux/2019/10-27/cs120.c
/backup/rgeary1/linux/2019/10-27/Hello.c
/backup/rgeary1/linux/2019/10-27/cs120lab/sum.c
/backup/rgeary1/linux/2019/10-27/cs120lab/lab02/Average.c
/backup/rgeary1/linux/2019/10-27/cs120lab/lab02/Maximum.c
/backup/rgeary1/linux/2019/10-27/cs120lab/lab02/Minimum.c
/backup/rgeary1/linux/2019/10-27/cs120lab/lab02/Total.c
/backup/rgeary1/linux/2019/10-27/cs120lab/Hello.c
/backup/rgeary1/linux/2019/10-27/cs120lab/MultTables.c
/backup/rgeary1/linux/2019/10-27/cs120lab/sum100.c
/backup/rgeary1/linux/2019/11-01/cs120.c
/backup/rgeary1/linux/2019/11-01/cs120lab/sum.c
/backup/rgeary1/linux/2019/11-01/cs120lab/lab02/Average.c
/backup/rgeary1/linux/2019/11-01/cs120lab/lab02/Maximum.c
/backup/rgeary1/linux/2019/11-01/cs120lab/lab02/Minimum.c
/backup/rgeary1/linux/2019/11-01/cs120lab/lab02/Total.c
/backup/rgeary1/linux/2019/11-01/cs120lab/Hello.c
/backup/rgeary1/linux/2019/11-01/cs120lab/MultTables.c
/backup/rgeary1/linux/2019/11-01/cs120lab/sum100.c
/backup/rgeary1/linux/2019/11-01/Hello.c
/backup/rgeary1/linux/2019/11-03/cs120lab/sum.c
/backup/rgeary1/linux/2019/11-03/cs120lab/lab02/Average.c
/backup/rgeary1/linux/2019/11-03/cs120lab/lab02/Maximum.c
/backup/rgeary1/linux/2019/11-03/cs120lab/lab02/Minimum.c
/backup/rgeary1/linux/2019/11-03/cs120lab/lab02/Total.c
/backup/rgeary1/linux/2019/11-03/cs120lab/Hello.c
/backup/rgeary1/linux/2019/11-03/cs120lab/MultTables.c
/backup/rgeary1/linux/2019/11-03/cs120lab/sum100.c
/backup/rgeary1/linux/2019/11-03/cs120.c
/backup/rgeary1/linux/2019/11-03/Hello.c
/backup/rgeary1/linux/2019/11-24/cs120lab/sum.c
/backup/rgeary1/linux/2019/11-24/cs120lab/lab02/Average.c
/backup/rgeary1/linux/2019/11-24/cs120lab/lab02/Maximum.c
/backup/rgeary1/linux/2019/11-24/cs120lab/lab02/Minimum.c
/backup/rgeary1/linux/2019/11-24/cs120lab/lab02/Total.c
/backup/rgeary1/linux/2019/11-24/cs120lab/Hello.c
/backup/rgeary1/linux/2019/11-24/cs120lab/MultTables.c
/backup/rgeary1/linux/2019/11-24/cs120lab/sum100.c
/backup/rgeary1/linux/2019/11-24/cs120.c
/backup/rgeary1/linux/2019/11-24/Hello.c
/backup/rgeary1/linux/2019/12-08/cs120.c
/backup/rgeary1/linux/2019/12-08/cs120lab/lab02/Average.c
/backup/rgeary1/linux/2019/12-08/cs120lab/lab02/Maximum.c
/backup/rgeary1/linux/2019/12-08/cs120lab/lab02/Minimum.c
/backup/rgeary1/linux/2019/12-08/cs120lab/lab02/Total.c
/backup/rgeary1/linux/2019/12-08/cs120lab/sum.c
/backup/rgeary1/linux/2019/12-08/cs120lab/Hello.c
/backup/rgeary1/linux/2019/12-08/cs120lab/MultTables.c
/backup/rgeary1/linux/2019/12-08/cs120lab/sum100.c
/backup/rgeary1/linux/2019/12-08/Hello.c
/backup/rgeary1/linux/2019/12-15/cs120.c
/backup/rgeary1/linux/2019/12-15/cs120lab/lab02/Average.c
/backup/rgeary1/linux/2019/12-15/cs120lab/lab02/Maximum.c
/backup/rgeary1/linux/2019/12-15/cs120lab/lab02/Minimum.c
/backup/rgeary1/linux/2019/12-15/cs120lab/lab02/Total.c
/backup/rgeary1/linux/2019/12-15/cs120lab/sum.c
/backup/rgeary1/linux/2019/12-15/cs120lab/Hello.c
/backup/rgeary1/linux/2019/12-15/cs120lab/MultTables.c
/backup/rgeary1/linux/2019/12-15/cs120lab/sum100.c
/backup/rgeary1/linux/2019/12-15/Hello.c
/backup/rgeary1/linux/2019/12-29/cs120lab/sum.c
/backup/rgeary1/linux/2019/12-29/cs120lab/lab02/Average.c
/backup/rgeary1/linux/2019/12-29/cs120lab/lab02/Maximum.c
/backup/rgeary1/linux/2019/12-29/cs120lab/lab02/Minimum.c
/backup/rgeary1/linux/2019/12-29/cs120lab/lab02/Total.c
/backup/rgeary1/linux/2019/12-29/cs120lab/Hello.c
/backup/rgeary1/linux/2019/12-29/cs120lab/MultTables.c
/backup/rgeary1/linux/2019/12-29/cs120lab/sum100.c
/backup/rgeary1/linux/2019/12-29/cs120.c
/backup/rgeary1/linux/2019/12-29/Hello.c
/backup/rgeary1/linux/2020/01-19/cs120.c
/backup/rgeary1/linux/2020/01-19/cs120lab/sum.c
/backup/rgeary1/linux/2020/01-19/cs120lab/lab02/Average.c
/backup/rgeary1/linux/2020/01-19/cs120lab/lab02/Maximum.c
/backup/rgeary1/linux/2020/01-19/cs120lab/lab02/Minimum.c
/backup/rgeary1/linux/2020/01-19/cs120lab/lab02/Total.c
/backup/rgeary1/linux/2020/01-19/cs120lab/Hello.c
/backup/rgeary1/linux/2020/01-19/cs120lab/MultTables.c
/backup/rgeary1/linux/2020/01-19/cs120lab/sum100.c
/backup/rgeary1/linux/2020/01-19/Hello.c
/backup/rgeary1/linux/2020/02-02/cs120lab/sum.c
/backup/rgeary1/linux/2020/02-02/cs120lab/lab02/Average.c
/backup/rgeary1/linux/2020/02-02/cs120lab/lab02/Maximum.c
/backup/rgeary1/linux/2020/02-02/cs120lab/lab02/Minimum.c
/backup/rgeary1/linux/2020/02-02/cs120lab/lab02/Total.c
/backup/rgeary1/linux/2020/02-02/cs120lab/Hello.c
/backup/rgeary1/linux/2020/02-02/cs120lab/MultTables.c
/backup/rgeary1/linux/2020/02-02/cs120lab/sum100.c
/backup/rgeary1/linux/2020/02-02/cs120.c
/backup/rgeary1/linux/2020/02-02/Hello.c
/backup/rgeary1/linux/2020/02-23/cs120.c
/backup/rgeary1/linux/2020/02-23/cs120lab/sum.c
/backup/rgeary1/linux/2020/02-23/cs120lab/Hello.c
/backup/rgeary1/linux/2020/02-23/cs120lab/MultTables.c
/backup/rgeary1/linux/2020/02-23/cs120lab/sum100.c
/backup/rgeary1/linux/2020/02-23/cs120lab/lab02/Average.c
/backup/rgeary1/linux/2020/02-23/cs120lab/lab02/Maximum.c
/backup/rgeary1/linux/2020/02-23/cs120lab/lab02/Minimum.c
/backup/rgeary1/linux/2020/02-23/cs120lab/lab02/Total.c
/backup/rgeary1/linux/2020/02-23/Hello.c
/backup/rgeary1/linux/2020/03-08/cs120.c
/backup/rgeary1/linux/2020/03-08/cs120lab/lab02/Average.c
/backup/rgeary1/linux/2020/03-08/cs120lab/lab02/Maximum.c
/backup/rgeary1/linux/2020/03-08/cs120lab/lab02/Minimum.c
/backup/rgeary1/linux/2020/03-08/cs120lab/lab02/Total.c
/backup/rgeary1/linux/2020/03-08/cs120lab/sum.c
/backup/rgeary1/linux/2020/03-08/cs120lab/Hello.c
/backup/rgeary1/linux/2020/03-08/cs120lab/MultTables.c
/backup/rgeary1/linux/2020/03-08/cs120lab/sum100.c
/backup/rgeary1/linux/2020/03-08/Hello.c
/backup/rgeary1/linux/2020/04-05/cs120.c
/backup/rgeary1/linux/2020/04-05/cs120lab/sum.c
/backup/rgeary1/linux/2020/04-05/cs120lab/lab02/Average.c
/backup/rgeary1/linux/2020/04-05/cs120lab/lab02/Maximum.c
/backup/rgeary1/linux/2020/04-05/cs120lab/lab02/Minimum.c
/backup/rgeary1/linux/2020/04-05/cs120lab/lab02/Total.c
/backup/rgeary1/linux/2020/04-05/cs120lab/Hello.c
/backup/rgeary1/linux/2020/04-05/cs120lab/MultTables.c
/backup/rgeary1/linux/2020/04-05/cs120lab/sum100.c
/backup/rgeary1/linux/2020/04-05/projects/i240a/submit/lab6/dir/t2.c
/backup/rgeary1/linux/2020/04-05/projects/i240a/submit/lab6/t1.c
/backup/rgeary1/linux/2020/04-05/projects/i240a/submit/lab6/v.c
/backup/rgeary1/linux/2020/04-05/projects/i240a/submit/lab6/x.c
/backup/rgeary1/linux/2020/04-05/Hello.c
/backup/rgeary1/linux/2020/05-10/cs120.c
/backup/rgeary1/linux/2020/05-10/cs120lab/sum.c
/backup/rgeary1/linux/2020/05-10/cs120lab/Hello.c
/backup/rgeary1/linux/2020/05-10/cs120lab/MultTables.c
/backup/rgeary1/linux/2020/05-10/cs120lab/sum100.c
/backup/rgeary1/linux/2020/05-10/cs120lab/lab02/Average.c
/backup/rgeary1/linux/2020/05-1
